// Jest Snapshot v1, https://goo.gl/fbAQLP

exports[`StatusAlert renders StatusAlert component 1`] = `
<div
  className="sc-bdvvtL ivTAPF"
  visibility="visible"
>
  Action completed successfully
</div>
`;
